"id","name"
1,"upright"
2,"whatever"
3,"know"
4,"insertWithReturn"
